// Jest Snapshot v1, https://goo.gl/fbAQLP

exports[`<CharacterCard /> should renders correctly 1`] = `
<div
  className="MuiBox-root MuiBox-root-10 makeStyles-root-1"
>
  <div
    className="MuiBox-root MuiBox-root-11"
  >
    <div
      className="MuiBox-root MuiBox-root-12"
    >
      <div
        className="MuiAvatar-root MuiAvatar-circle makeStyles-avatar-8"
      >
        <img
          className="MuiAvatar-img"
          src="https://rickandmortyapi.com/api/character/avatar/1.jpeg"
        />
      </div>
    </div>
  </div>
  <div
    className="MuiBox-root MuiBox-root-13"
  >
    <div
      className="MuiGrid-root makeStyles-details-7 MuiGrid-container MuiGrid-justify-xs-space-between"
    >
      <h2
        className="MuiTypography-root makeStyles-name-4 MuiTypography-h5"
      >
        RICK SANCHEZ
      </h2>
      <img
        alt="Rick Sanchez"
        className="makeStyles-genderIcon-6"
        src="male.png"
      />
    </div>
    <div
      className="MuiGrid-root makeStyles-details-7 MuiGrid-container"
    >
      <div
        className="MuiGrid-root MuiGrid-container MuiGrid-justify-xs-space-between"
      >
        <div
          className="MuiBox-root MuiBox-root-14 makeStyles-dataTitle-5"
        >
          <span
            className="MuiBox-root MuiBox-root-15"
          >
            Featured Episodes:
          </span>
          <span
            className="MuiBox-root MuiBox-root-16 makeStyles-castedCount-9"
          >
            [0]
          </span>
        </div>
        <span
          className="MuiBox-root MuiBox-root-18"
        >
          <span
            className="MuiBox-root MuiBox-root-19"
          >
            Alive
          </span>
          <span
            className="MuiBox-root MuiBox-root-20 makeStyles-root-17"
          />
        </span>
      </div>
      <div
        className="MuiBox-root MuiBox-root-22"
      >
        <div
          className="MuiBox-root MuiBox-root-23 makeStyles-dataTitle-21"
        >
          Location
        </div>
        <div
          className="MuiBox-root MuiBox-root-24"
        >
          <span>
            Earth (Replacement Dimension)
            , Dimension: 
            , Residents: 
          </span>
        </div>
      </div>
      <div
        className="MuiBox-root MuiBox-root-25"
      >
        <div
          className="MuiBox-root MuiBox-root-26 makeStyles-dataTitle-21"
        >
          Origin
        </div>
        <div
          className="MuiBox-root MuiBox-root-27"
        >
          <span>
            Earth (C-137)
            , Dimension: 
            , Residents: 
          </span>
        </div>
      </div>
    </div>
  </div>
</div>
`;
