// Jest Snapshot v1, https://goo.gl/fbAQLP

exports[`<Container /> should renders correctly 1`] = `
Array [
  <div
    className="MuiBox-root MuiBox-root-10"
  >
    <div
      className="MuiBox-root MuiBox-root-11 makeStyles-root-9"
    />
  </div>,
  <img
    className="makeStyles-logo-8"
    src="https://upload.wikimedia.org/wikipedia/commons/b/b1/Rick_and_Morty.svg"
  />,
  <div
    className="MuiGrid-root makeStyles-root-1 MuiGrid-container MuiGrid-align-items-xs-center MuiGrid-justify-xs-center"
  >
    <div
      className="MuiGrid-root makeStyles-appContainer-2 MuiGrid-container MuiGrid-justify-xs-center"
    >
      <div
        className="MuiGrid-root MuiGrid-container MuiGrid-direction-xs-column"
      >
        <div
          className="MuiGrid-root makeStyles-leftCol-3 MuiGrid-grid-xs-12 MuiGrid-grid-sm-6 MuiGrid-grid-lg-4"
        >
          <div
            className="MuiGrid-root MuiGrid-container MuiGrid-justify-xs-center"
          >
            <form
              className="MuiPaper-root makeStyles-root-12 MuiPaper-elevation1 MuiPaper-rounded"
            >
              <button
                aria-label="menu"
                className="MuiButtonBase-root MuiIconButton-root makeStyles-iconButton-14"
                disabled={false}
                onBlur={[Function]}
                onDragLeave={[Function]}
                onFocus={[Function]}
                onKeyDown={[Function]}
                onKeyUp={[Function]}
                onMouseDown={[Function]}
                onMouseLeave={[Function]}
                onMouseUp={[Function]}
                onTouchEnd={[Function]}
                onTouchMove={[Function]}
                onTouchStart={[Function]}
                tabIndex={0}
                type="button"
              >
                <span
                  className="MuiIconButton-label"
                >
                  <svg
                    aria-hidden={true}
                    className="MuiSvgIcon-root"
                    focusable="false"
                    onClick={[Function]}
                    viewBox="0 0 24 24"
                  >
                    <path
                      d="M3 18h18v-2H3v2zm0-5h18v-2H3v2zm0-7v2h18V6H3z"
                    />
                  </svg>
                </span>
              </button>
              <div
                className="MuiInputBase-root makeStyles-input-13"
                onClick={[Function]}
              >
                <input
                  aria-label="Search Character"
                  className="MuiInputBase-input"
                  onAnimationStart={[Function]}
                  onBlur={[Function]}
                  onChange={[Function]}
                  onFocus={[Function]}
                  placeholder="Search Character"
                  type="text"
                />
              </div>
              <button
                aria-label="search"
                className="MuiButtonBase-root MuiIconButton-root makeStyles-iconButton-14"
                disabled={false}
                onBlur={[Function]}
                onDragLeave={[Function]}
                onFocus={[Function]}
                onKeyDown={[Function]}
                onKeyUp={[Function]}
                onMouseDown={[Function]}
                onMouseLeave={[Function]}
                onMouseUp={[Function]}
                onTouchEnd={[Function]}
                onTouchMove={[Function]}
                onTouchStart={[Function]}
                tabIndex={0}
                type="submit"
              >
                <span
                  className="MuiIconButton-label"
                >
                  <svg
                    aria-hidden={true}
                    className="MuiSvgIcon-root"
                    focusable="false"
                    viewBox="0 0 24 24"
                  >
                    <path
                      d="M15.5 14h-.79l-.28-.27C15.41 12.59 16 11.11 16 9.5 16 5.91 13.09 3 9.5 3S3 5.91 3 9.5 5.91 16 9.5 16c1.61 0 3.09-.59 4.23-1.57l.27.28v.79l5 4.99L20.49 19l-4.99-5zm-6 0C7.01 14 5 11.99 5 9.5S7.01 5 9.5 5 14 7.01 14 9.5 11.99 14 9.5 14z"
                    />
                  </svg>
                </span>
              </button>
            </form>
          </div>
          <div
            className="MuiBox-root MuiBox-root-17 makeStyles-charList-4"
          >
            <ul
              className="MuiList-root MuiList-padding"
            >
              <div
                aria-disabled={false}
                className="MuiButtonBase-root MuiListItem-root MuiListItem-gutters MuiListItem-button"
                onBlur={[Function]}
                onClick={[Function]}
                onDragLeave={[Function]}
                onFocus={[Function]}
                onKeyDown={[Function]}
                onKeyUp={[Function]}
                onMouseDown={[Function]}
                onMouseLeave={[Function]}
                onMouseUp={[Function]}
                onTouchEnd={[Function]}
                onTouchMove={[Function]}
                onTouchStart={[Function]}
                role="button"
                tabIndex={0}
              >
                <div
                  className="MuiListItemAvatar-root"
                >
                  <div
                    className="MuiAvatar-root MuiAvatar-circle MuiAvatar-colorDefault"
                  >
                    <svg
                      aria-hidden={true}
                      className="MuiSvgIcon-root MuiAvatar-fallback"
                      focusable="false"
                      viewBox="0 0 24 24"
                    >
                      <path
                        d="M12 12c2.21 0 4-1.79 4-4s-1.79-4-4-4-4 1.79-4 4 1.79 4 4 4zm0 2c-2.67 0-8 1.34-8 4v2h16v-2c0-2.66-5.33-4-8-4z"
                      />
                    </svg>
                  </div>
                </div>
                <div
                  className="MuiListItemText-root"
                />
              </div>
            </ul>
          </div>
        </div>
      </div>
      <div
        className="MuiGrid-root makeStyles-charDetails-5 MuiGrid-grid-xs-12 MuiGrid-grid-sm-6 MuiGrid-grid-lg-5"
      >
        <div
          className="MuiPaper-root MuiCard-root makeStyles-root-18 MuiPaper-elevation1 MuiPaper-rounded"
        >
          <div
            className="MuiGrid-root makeStyles-container-19 MuiGrid-container MuiGrid-direction-xs-column"
          >
            <img
              alt="mock name"
              className="makeStyles-cover-20"
            />
            <div
              className="MuiGrid-root makeStyles-details-25 MuiGrid-container MuiGrid-justify-xs-space-between"
            >
              <div
                className="MuiBox-root MuiBox-root-27 makeStyles-nameBlock-23"
              >
                <h2
                  className="MuiTypography-root makeStyles-name-21 MuiTypography-h5"
                >
                  mock name
                </h2>
                <img
                  className="makeStyles-genderIcon-24"
                />
              </div>
              <img
                className="makeStyles-lifeStatus-26"
              />
            </div>
            <div
              className="MuiGrid-root makeStyles-details-25 MuiGrid-container"
            >
              <div
                className="MuiGrid-root MuiGrid-container MuiGrid-justify-xs-space-between"
              >
                <p
                  className="MuiTypography-root makeStyles-dataTitle-22 MuiTypography-body1 MuiTypography-gutterBottom"
                >
                  Species
                </p>
                <p
                  className="MuiTypography-root MuiTypography-body1 MuiTypography-gutterBottom"
                />
              </div>
              <div
                className="MuiGrid-root MuiGrid-container MuiGrid-justify-xs-space-between"
              >
                <p
                  className="MuiTypography-root makeStyles-dataTitle-22 MuiTypography-body1 MuiTypography-gutterBottom"
                >
                  Location
                </p>
                <p
                  className="MuiTypography-root MuiTypography-body1 MuiTypography-gutterBottom"
                >
                  mock location
                </p>
              </div>
              <div
                className="MuiGrid-root MuiGrid-container MuiGrid-justify-xs-space-between"
              >
                <p
                  className="MuiTypography-root makeStyles-dataTitle-22 MuiTypography-body1 MuiTypography-gutterBottom"
                >
                  Origin
                </p>
                <p
                  className="MuiTypography-root MuiTypography-body1 MuiTypography-gutterBottom"
                >
                  mock origin
                </p>
              </div>
            </div>
          </div>
        </div>
      </div>
    </div>
  </div>,
]
`;
