// Jest Snapshot v1, https://goo.gl/fbAQLP

exports[`<CharacterList /> should renders correctly 1`] = `
<ul
  className="MuiList-root MuiList-padding"
>
  0
</ul>
`;
