// Jest Snapshot v1, https://goo.gl/fbAQLP

exports[`<AcrylicBackgroud /> should renders correctly 1`] = `
<div
  className="MuiBox-root MuiBox-root-2"
>
  <div
    className="MuiBox-root MuiBox-root-3 makeStyles-root-1"
  />
</div>
`;
